GAPC_0018:7:1:1086:12655#0/1	-	chr10	78642993	GAAACTCACTTAGAGGGAGTATAAAATAGTCATAAGAGGTAGATGGAGAAAGGTAACTTTCTGT	@==-?B5?B-C:B:BD=BDCCBABB?:5DA:BB?5DBDB:@B::DBBDBBCEEB?=C::CDDDD	0	60:T>A
GAPC_0018:7:1:1107:8633#0/1	+	chr13	6369518	TTCAAATTCATGGTTTCCATGAACAACAAGAAGAGCTTATTCATAACTGCCTTTAGATGTGCGCCTATGCATGAC	BEBAEDD5DD:DC==DBDD:ADDDDADD=D=D-DDD-:D:DAD5DDDD5DDD?-?:A<?5?CA-A==DDBC-=D?	0	63:A>C
GAPC_0018:7:1:1111:6065#0/1	-	chr8	45659295	ATGGGAATAAATGGGTTGTATTAAGTAATTGATGATACAGATTTGAAGATAACATTGAGAAGGCGATGTTCA	A?C-C,AC@ADE-:?-E=C:AC:-A?-@@=;.5?CD?C-DCDDDDC-:CAA-D?DDDD?-?=E=EDBFDF5F	0	
GAPC_0018:7:1:1120:4366#0/1	+	chr16	66406070	AGACAAGAACAAAGAACATGCAATCAAAGTAGGCTGTCGGCTTACTATGTGTAACTTGTAAGAAGTGAGAATCAA	?C?D5BDD;D=DD?D>>DDD.=6C@?B:B@CC-=:-AAAAC-==:5D=CDD-D:::C?,?=:A=CBC:DB?D?DD	0	32:T>G
GAPC_0018:7:1:1145:15678#0/1	-	chr2	63148665	TTTTATGTAGAAGTCTTAGATGCGTTTGTCTTGAGTTTTGTGTAGGGTGATAGACATGGATATATTTGAATTTTT	B==C@BCB5B=@C@:?A?D@BD@D4DDC=?BADADB=DDDDDBBCDDD5?C?D?C5ACB-?BDBDFFFDFDADBB	0	32:C>T
GAPC_0018:7:1:1145:6180#0/1	+	chr2	23835512	TGTGTGTGTGAGAGAGAGAGAGACAGAGATACTGTGCATTAAATGCAGTTATTCCACTTCAACTGACAATGCTCT	EEEAEEEE:DADAB@D-DAD5BCAC-5CC@=@-=>BBBCD::C=@5A=CA-@==@:?::B5?5A>-AA:>A5:'=	0	
GAPC_0018:7:1:1160:4036#0/1	+	chr2	146634171	TATCACATAGTGTAAAATACCTTCCATGGAAACACAATGACAGAAGTTCAGCCAGGACAAGCTCATCCATGAG	FFFA=EA?D:B??BD?5,D>>=A?AADD::CADBC,;,=)5A>@>DBBDB=BCBA-?-?B?D-A-CC*-A?B@	0	37:A>T,39:T>A,54:T>G,57:A>C
GAPC_0018:7:1:1163:10496#0/1	+	chr6	136658134	TAGCCTGAGGGCTGGAGCAGGTACCTTGTAGACGTCATGGTGGTCCACAATCTGGTCAAAGCTCTTGTCGCTGTC	:AA>@-DD=D=DA=:D=C:D.0@>@DDDC?B?DDDDD-?B>C:4ABADDA5?-CB5@@.<,C6C=BB=5=5--:C	0	0:C>T,68:A>C,70:A>C
GAPC_0018:7:1:1168:14046#0/1	+	chr17	41938556	TCTACAGAGATCTTTGTCCAGGCTTAGTACGAGGGTTC	D:5?D=DDD::D:DD?DA:?DDDDDD?-DDAA5?4A:A	0	
GAPC_0018:7:1:1170:10824#0/1	+	chr19	12165109	CAGAGCCAGAATCCTTCAAGTTCGATTTGATTACATTCCTCACACTGAATTGACTAGGAATTTCAGAGCCATACA	5DD:BAD=DD=?D?-?DD-:DDCD=AC-CCDD:?5DDDBD:A?-D-?@@B:-=?C:C:5==-?CC=-5-C?:C?C	0	8:T>G,68:A>C
GAPC_0018:7:1:1171:3336#0/1	-	chr16	29529364	CACTGTTATCGGATTAGAAAGGATAATGATGAAGAGTGTATCTGAGCCATGGTTTCTCTAATCGTCACCCAGTCT	?=C=?:B5B=C?:5EEA@DEEBEDA5DDBAE,EEBEFBDFEEEE:FDF5FBEB?5EDDDEBEEE;FDFDEGGF?=	0	
GAPC_0018:7:1:1172:10256#0/1	-	chr4	9139131	GTTAGACCCCCCTGTCTATATCTCTGCATCAGCGCATGGGATCCCCATTTGATTCTGTGTCTCAGCTATTGTGAA	=C>--;@>0=-:-C:A>:B-5DA-B:5=-5::AA56>C>=5,>?-:ACA-C?CA??5D=DBDD::=D5@:C>CC?	0	33:A>T,49:T>G,64:A>C,66:A>C
GAPC_0018:7:1:1177:3282#0/1	-	chr13	57847268	AGGCTTCAGATAAGGTGCACATACCAAGAGGCTACAAACACCCAAAGACTGA	?<CC5=C?AAA50;-.CA?-A5@.@,6::5-:DD;D=A>A-A@-=>.@66@>	0	28:G>C,30:G>T,32:G>C,37:C>G,39:G>A
GAPC_0018:7:1:1178:10295#0/1	-	chr19	52477198	GCACCTAAAAACAACTATTATCTTTTTGAGAATCAATGTTCCTGAAAAGAAGTATACAGTTGCTCATTCAACTCA	CC:@:><3EC:D:AD?:E->>DDB:-BEEE:?AAAFFFFD:EDEC>EBE?EEEDEFADDFFFBFDGFEFGEEGDG	0	
GAPC_0018:7:1:1180:15759#0/1	+	chr10	58757657	TAGTCACAGCCAACATTCAAACAGGTGTGCTTGTCCCACAACGTGTTGGCAGTGGGACACAGCAGGTACATAA	BAA>A-C?CCEDEE:=ADDD?D?6DDDBDD??C5CAAAB+DDAA=CBB=DC=BA=D=D:CD5-BCB?5DD5C@	0	39:T>A
GAPC_0018:7:1:1181:9235#0/1	-	chr3	71528258	GCTGAAACAGAAGAAGAGGAGAGGGTCATTTATAATAAGACATTAATAATTATGTCTGTGGCAATCTCGAATCCT	??5B??5A5B+=>+@=,C@====C>?=+@,@?86@+=:=?B-CAB=DD?D=:?@-CACC:=:?=@ACCA5:-ABC	0	39:G>T
GAPC_0018:7:1:1185:10106#0/1	+	chr13	119432930	TAGGTGTGAAAAGCCAAGTCTTGATTTGTAGAACCACCCAGCATTACAGGGTCATAGCTGTTTGATGACTAC	EDEFEEEBEEDDA:5D-DBADB=BD-A><ADBD=-D-D?>D5DDCDDDB=?:::C-;6@>C?BDD=?AD-@@	0	57:T>C
GAPC_0018:7:1:1192:4795#0/1	-	chr13	109441300	CGTCCCTTCCTTTCCCATAGAGGAATTGACAGTTGTTGACTGGTAGATCCTGGCTTGGCTAACACTTGTCTCTGA	?-C55A=-C:5BACDB-:-C-DEBDDEBE=DEDEEADD@D::EBDDD:D5EAEDBEE=EE=CEBEFGFGGDFEG:	0	73:T>G
GAPC_0018:7:1:1195:3795#0/1	-	chr4	122670092	TGTCTCTAGAGTAGCATTTGTTACCGTGGTCAATTTATCACCATTCTGTGTCCAGACATTAACTCAGAAACCACA	?:-BD-@B@:-A5A5B@4A?55>:?,CC:-DD4D5D:?D:DDDDD5?5-A=D=?5DDADD:D-?DD-DAD-DD5D	0	26:G>T,49:T>G
GAPC_0018:7:1:1196:9434#0/1	-	chr19	56271928	ACCCGATGCGGTTGGACTGAAAAAGATAGTCCTTCTGTTCAGGGTTATAGACCCAGCCATTGCCAGGACAGCTGT	8??=A,A::BAAA->=:5:1?>,-:??:B@:?5(<><A---EBEEBBBAE5C-BB??BBEB:-@@CC>C-AACCC	0	41:A>T,61:T>G
GAPC_0018:7:1:1200:5817#0/1	+	chr14	11395930	TGAGTAGCTTACAAATACTTCTGTGATACATATGTCCCAAATTCATTCCTATTTACTCTGAAGATCAATATACAC	C5AA5@@A>CAB=ABCDB:D-=5>5C??BDB?5=0;>AA>B:??5?=?B?BB++D@=-:5?5<A:-?::>@@-'A	0	73:C>A
GAPC_0018:7:1:1202:4417#0/1	+	chr1	94520225	TAATTTCCATTTCCCTCCCGGATAAAGGTGTTGAACTTTCCCCAATGTTCATTTGCCAGTGTAGCCTTCCCCTTT	E:=EEEEEEEDDDDD5DDAA5BCD::CB:CBC=:B7?B@D?B:DBB?5AB==5=-C5:5@>5A@*>?::5A)?55	0	69:T>C
GAPC_0018:7:1:1204:18532#0/1	+	chr17	68867542	ACCAAATATGCATTATTCTTTGTGCTAACCAACATATCCTGTTCCGAAAGTACCTATTTTTTAAGTCACACAAGA	B=B:5BA-=:EEDEDEAE?E6C@=@DDAAD=EEEED:D=C@9>@;?=>,@=C=A:?:C@>28A-BBEE==DD55B	0	
GAPC_0018:7:1:1204:2206#0/1	-	chr4	47374153	TTAGCAGTAAACAGTAGAGTATAGAAATCAAGAAGTACTCCATCAAAAAAGACTGACTGAAGCCTATGCCCCT	AA-?C:A>=C@-;5AA>A-:=+:7-?41;7-+,A?->B=:5C=@>3A?=AD:DDCBD5D?=A?AB?C=?>>>-	0	37:G>T,61:A>C
GAPC_0018:7:1:1205:10099#0/1	-	chr16	34751153	GTCCAGGGTCTGTCTGATGTTTGCCTTGTTTTGATTTCTGCTTTTGTT	@,4=@@@,):4,@5CA,CAB5A@5+:CB=CCCC6-BD=EEB>DEBCE:	0	36:C>G,39:A>T
GAPC_0018:7:1:1209:16005#0/1	+	chr17	58945535	TCACTCACTATTGTCTGGGGTTCAATTTGTGTTTCGAGCTTTAGTGAATTTTTTTATGAATGTGAATGCCTTTCA	E??EEDD5BD@?BBDDDDDB?@DA?>A?A*=@,=A:5BB:=AAB?AE5B-CDE;;C;??:B=?AE5-AA:A-5C5	0	74:C>A
GAPC_0018:7:1:1211:9179#0/1	+	chr13	75621714	ATCAGAATAAAAACCATATTCTTCTAATATTTAAAACTTCCGCCTTTCTAGCCATAGTAGCAAACCTTA	D5DD5A:55CC:>;5?DA?:55?A5C@55>A?:-==CC5CBBB4=-?DB+?CD=ACB4:??5-B>???D	0	
GAPC_0018:7:1:1213:13820#0/1	+	chr2	106914606	GAATGTGACAGCCTGAGGTAGCTTAAATCTAGGAGGCCACAGACATCTACCGTT	::A5A5=D?--AABAD5D,DD-BDDC-5A:=.C@@?D:5?--B4;,+,7@=C-C	0	48:C>A
GAPC_0018:7:1:1218:9714#0/1	+	chr1	127500106	TGGTTGACTTAATGAGAATTACAAAGCAAAACATAACAAAAGCTGATTCCATGATTGAGCTGGATGATATAGGTT	FFFBFFFFB:EAAAEEE=EEEEEEDECEEEDEDEEDEEEEA:EEDEEAEBEEDEE5CEBBEE5B:EEEE?EEA?-	0	
GAPC_0018:7:1:1224:9535#0/1	+	chr2	11580592	GGTGCCGACAGAGACTCGGTTCCAGATGCCTTGACCAAGTCACTGCAAGGCTATATTCACACCCC	FFFDFFF5FFEEDEADDDAC--DD:CA:CC5-55>.@@;=DD=D=DD-::C==?:;:?:BC=C@C	0	35:A>C
GAPC_0018:7:1:1227:16929#0/1	+	chr18	73541944	AAGCACTTTACCATGGTGCATCTCAGCCCTGCAATTTTCCTACCTGGCCCCTAAGCACTGTGGCTTAGACCCACT	?-DB:DDBA?DDB5=C=ACC5D?DDBDDD-@6?.3:??AC?A-C>5ACCCDBBDBDDDCB'-A>-+==41B??D?	0	42:A>C,69:T>C
GAPC_0018:7:1:1227:17880#0/1	-	chr14	115148984	GCACTCAATGATGTCGTTTGAATTCATGGCCAGAAGCTGAAGGGTCAGGAGCA	?BB5D5A:AC:5B<:-=5==--AC?AC?-5=CDBAC=EBEEDA:B5EEAEEAD	0	37:T>G
GAPC_0018:7:1:1231:6863#0/1	-	chr6	119505782	TGGTGGTCACTAGACAGGTCGTTTTGTGGAATTGATGAGCTCCAGATTCAACAATAGATCCTTCCTCA	@2A5A-:?8-@)@?B-D?:=C==5???DDB:DC?BDAAD?C-AB?DCB6ADA?D-=CBB-DAD:=D-B	0	62:C>G
GAPC_0018:7:1:1232:3397#0/1	-	chr7	123717297	TCGCCAGCCCCGCCCTAAATTTTTTTAAAGGGACATTGAA	A;-A:>-7.6A--:A=--;0?;:ABCCC-CACB5-;;@@C	0	28:A>G,37:T>G
GAPC_0018:7:1:1232:11325#0/1	-	chr15	58703114	TTCCTGGAATACGGCAATGGGCCTTTGTGTAAACAAAGGGATTACTGGGTAGGTGGAAAATTAAAACATTTGCAT	ABBBB@C@AC-@-CA--C?C-5,@=DBDD@@?ADD=:DDDCDDBDCD=DAD=DDDD5DDDCAA6-AC?5A=CA?A	0	54:A>G,62:A>G
GAPC_0018:7:1:1234:14989#0/1	+	chr6	38769344	TCACTCCTCCAATAATAAACGTAATCGACTCATTTAGGCTCAGATTGTTCTTCCACTCTGAAAGAAGCTTAAGGA	EGDFGEDDFFE:EEEADFFFD?D:BEEBEEEDEEEEDEE?E?EEB::ACD?AEEEEEEEE-5AA45EEEC=A5B:	0	
GAPC_0018:7:1:1235:11373#0/1	+	chr9	54669480	TGCACGTTCTCTTAAACCAGTCCTCTCCAGGTATTAGACAAAGGCTTCAAAAATTAGAGCAGGGATTTCCCAAAC	?D;:BDDD?=?D??DDDDB=A9CC@DDDDBC=?A5AAA<ADDDD?D=BB?DDDDDB=D-D==A?DDA5D-=DBDD	0	
GAPC_0018:7:1:1239:14348#0/1	-	chr15	43901048	CAGCCTTTGGTAACCGAGGGGCGCTGGTGGCAGCATCCCCTAGAAATAGCAAAGAACAAAAATACTTAAGTCCGT	69346,4C@@C@@:49CA@C@;1:>>7=B+--6->DBD?:DDBDB==CC;-A5>8;)4-6:D?=CC5CC56C@@=	0	45:A>G,52:A>G,59:T>G,72:T>G
GAPC_0018:7:1:1240:3209#0/1	-	chr18	43671972	TTGGATTCCTGATCTATCTAAGACTTTTAACATGATGGGGTGTTGTATTTTGTCAAAGGCTGTTTCAGCATCTAA	AEE-CBBCEE-C=-=BCA=EC@:5?DDDA:DEFFB?EEDE=DFAEA>FFFEFF?DE5EED=GGGEEEFFAFFFFD	0	
GAPC_0018:7:1:1241:5159#0/1	-	chr2	121989782	GCTCATGTGTGTGCTGTTTCAAAAAGAAACCAACCTCAATTATGGACCCGCCTTCATGTTCCTGTTAGACTTT	?>=?==?:A-ACB+:?=:?80;3?@C->,>>4(:B-5C5?BAA=C0<@:C--@??:BCDB=?DCC5=?:ABAA	0	
GAPC_0018:7:1:1244:15215#0/1	+	chr11	44495990	CTGCTGTTCCGTTTGGCAGAAGTCAAAGTTAAGAGTTTTGGTGATTGTTACCAGCTTGTGGTTGTTGATGGCAGT	D?DDBCC=@CEDE:=EEEB5EEEEDEEEEDD-EEDEED=BBBEB5??CA=EBBDEDC-5A?=CCA45C-ABB?C=	0	
GAPC_0018:7:1:1244:14094#0/1	+	chr13	89258069	TGTAGGATGTGTTTCCTGGCACTGGGACTTCTAAACAGTGTTCTATGTTAACACAATATGCAGC	?<E=BBA=DDD=B;BBBD=BDB?DDDDBBA@DBDDA=DDB:CCA?A??BBAABDB?:-:=16;@	0	
GAPC_0018:7:1:1246:2424#0/1	+	chr11	22885892	TGGGCCCCAAAAGCTCTCCACACGTGTGTTGTATAAACCTTATACCGGTGCTTGTACCGTTACATGGAATTTA	DD=-?ADB?-D?DB?D5CCDDDDBABA?:CB?D?D:C4=>AA5::2;-7?B-?:@??C?0?-5=?A-:5:??A	0	42:C>T,45:A>C
GAPC_0018:7:1:1249:16041#0/1	+	chr12	54943451	TAGTCAGAGTAGAAAGGAAATGATACGGCTTCTAAACGGCACAACCCCCCTATCCACTGGGCTCAAGAAATTCTG	ADDBDA=CC:=DDD=;DDDDBDDCDDDADB=B:?A=,5<=:@,@C.B,@*(;+:-.;8:::C5-A@>'841:@=>	0	36:G>C,45:T>C,47:G>C,49:A>C,54:T>C,63:A>C,67:T>A
GAPC_0018:7:1:1251:14884#0/1	+	chr4	87689132	AGACACTCAAAAGTGTTGACTTGTGTTGTTTTGTTTGGGGAGACAGTTTGAAAAAGCTGAGGTTCCTCCAATCC	EEAE=EEBE?-=>;>BDDEE=DEEDADBAAECA?E>A:EEDEBEE?-BCDE=EE=EB-D::A:A=E:EEE:>CC	0	
GAPC_0018:7:1:1253:9909#0/1	+	chr9	56317748	CTCACAACTTTGACAAGAATATTTTTGGTGAGCTTGTGAAGGAAAAAAAACCTCATCAGAGTGTGTTTCTAGGAT	FDFFBFDF5DED?E=E:DAC5?:>B0:>:AACC===?DD-C5DDD?:>>*>C5DBAEBE5A?BA:A:+A===5=5	0	
GAPC_0018:7:1:1255:14366#0/1	-	chr9	79790700	TCTTTTTACATGTAAATTCTGGAGAGCTTACAGCAGAAGAGTCAGCTTGTAACTCATTAGCTAATGGTCCCTCTA	CE;F?DF=FADFE=FBB:CDAD=BCB:EBBDDDD?B?:EBEEBEE:BEEBDEDFFDBFFEDDD?BDDD:FFFFFD	0	
GAPC_0018:7:1:1256:14760#0/1	-	chr2	178153223	GTGTATCGGGGTGAAGCAATGTTGTTACGTCTCTTTGATGGCTTTCCCATTTGTACTGCATTATCATGGGACCAT	E=ECA5:FFDEECB-ED5BEFFDEFE@?BB=E:BDDFEEDFDEFFD=DEBFBF?EFFFFFEEEDEE:FFFEFFBD	0	
GAPC_0018:7:1:1262:6898#0/1	-	chr1	116895870	TGGATGCATTGCCTTTTACAGGTGAGTGTAGTATGTCTTCTTGGAATGAAACCCTGGTT	DBA?CC-=>A==::DB??BB?EEEADBEBDEEEDEEB=DBD:AEE=EE?5?D:AFFDDE	0	
GAPC_0018:7:1:1264:4268#0/1	-	chr14	40499301	TTCTCCACCTCCCACACAATGTACCCTTTAAAACAACAATAGGAAATAGAGAAAATGCA	BD?DCCA;C;6=;;AACA5@@C,6B-:D@>DBD=6D=:=D5DDD:DD-D>AEA:DEE=B	0	
GAPC_0018:7:1:1273:12808#0/1	-	chr16	39611869	GGCTCTTGTGATTATCTGGGTTTTTTGGTTTATGTCAGCTTTGGAAACAGCTTATGTTTCACCAAGGTAGGACCA	CCC:55DDDDC?CCA55D?BB=DDDDDDD=@??=.=-DAD=DDDDDDDDD:DAD6?DD?D:E:B=?DBDD?ADDD	0	
GAPC_0018:7:1:1273:13830#0/1	-	chr4	39459917	GCTTGTACTGTGCACATTCATGACAACATTTTGGTCTTTTTAGATCACAGCAGAATCATCTATTAAGCTCTGATT	?B=AB@:>=A7:,0+=5@:>BB?BB@B?BBC5A>39BC=BB?CB:ABBBD?BC??CBB:B:ABC==B:A=DD55D	0	
GAPC_0018:7:1:1275:2123#0/1	+	chr15	25210145	TCCTTCCTTTGTTAGAGATTTTGCCCAAGTAAGAAGTACAGCAATTGATCCATGTAAAAATTCATGCCTTTG	E=EEEE5ECEDBAA=????-C@A-@??A:<--<?>2<4;9C?:?BA<-5<74B1)>:2'94=>>==55??-?	0	58:C>A
GAPC_0018:7:1:1280:18933#0/1	-	chr3	100980109	GAAACCAACAACAAGAAGACAAGTGACTCAGTCATCAAATGGACTACAGAAATGAAAACTACAGACTTCTCAA	C5C:=DCADD+BBADD:B@CCCA:DCD:DC?ADBBACBB?DDCD?=DDDD?D?DA=CBABAAA>>A5:C-CA?	0	
GAPC_0018:7:1:1281:7237#0/1	-	chr2	141489289	CTTCTCCACTTTAGTGTTTCTTTGACTATTCAGGTTCCTTTGTTATTCTATGTGGTCATTATAATTGTTTTTTAT	??B??5CB:5CC5DD@>AD=ACC:>?,5AB?A5=5-5-ADCD;BBB@::-:C???-DDDDDCC>3C@3B?DDA5D	0	19:A>T,73:A>T,74:T>C
GAPC_0018:7:1:1282:10032#0/1	-	chr3	115483707	ATTTGCCTACCTTCCCCTTTCCATTGTTATTGCAGAGCAAATTCAAGATATGAAATGAGTTATTTTAGCTCTCCA	-AAAA:-->?@.*-==D-CDDA=D==BD??5?C-D5DB-?:5DDAD::DDBD:5D=5D>>B-DEEDDD:-?:??=	0	62:A>T
GAPC_0018:7:1:1284:15019#0/1	+	chr2	113231369	AAGTCATACAGGTCCAGGCAGGACATGACCCCCTTCTGGAAGACATGGACACAGTAGAGCAAGA	A:C-CA:CC=?==ACC:=A::::=@?;-=A-?<<A@5@-BDCCBBDBCBB5BAC?::5ABAC-?	0	
GAPC_0018:7:1:1286:16688#0/1	+	chr2	49283142	TGAGTTTGAATTGGGATGTTACCTCCCTTTTTCTTCCCCATTATTCCTTCTATTGGGTAAAATTCTGTTCACAAG	;>>@-=CAC=D?:-D:=D?DDDBBDC-A->C6A@3@ABDAAD?D=DD=BBDB-A:DD?DDDDBBD:D?C?>C>A5	0	26:A>C
GAPC_0018:7:1:1286:12016#0/1	-	chr10	3239539	GATCCTTTAAACATTCAAAACTGACAAGTAGATTGCTCATACATAGCGTAGCTTATACATAAGGTTATACAACGA	AA--A=:C2?ACD-DCC?-CBD?D5-:DAAD=??AD-D?B5>::A5@?C5>:A?-@-DD:AAAA--@66;>@41.	0	
GAPC_0018:7:1:1287:9784#0/1	+	chr8	27507086	AGACATGCACAAGGACATGTTTCTACACTGATGCTCAATCCCATCATGTAGACGATCAATATCAACCATCACAAT	=66=>4.>;@>5;9=A:5A<DD6;?@@;,C,3,?2@=5;BDD-D==B-?-=-C=5>A?-ADA-D:D=D-B@=AC+	0	62:T>C
GAPC_0018:7:1:1288:7613#0/1	+	chr4	95524252	ATGCCTCACCCCCACTGGAAAAAGGCTCGATTCAGACCCAGAACATGAAGACTAACCATTATGAGGCAATTTTGG	?CCCC-5C5-DB@@0>DDADDD;D:??A555@5:@C-=5C?<:CA5:::@?:D-C?B@=-CA-:@=@:CC1,147	0	53:C>A
GAPC_0018:7:1:1288:9525#0/1	-	chr4	122965711	AGTGGCATCAAGCTGTTGCCTATCCCAAGGGCTGGTGTTACAAGCTTGCCACCACAGTCTGCCAGATTTTTTTTA	,C*:AA55-A>@-?.5DB5B:D=D-C-DB<5:D?:>??A::CA>-8-;A-DD:DD?A5BD@==BB>@5=DBA>=-	0	71:A>G,72:G>T,73:T>G
GAPC_0018:7:1:1289:16746#0/1	-	chr3	130695811	GTTCTAATCTGCAGTTAGAGATATCCACAGATGAGTAATTCACAGGTAAGGCCAACCGCCCTCCACAGGACAT	C===@->:C=@>5?5?5A))4>7?,C===?BAB@C5>-:B3)<5@--ACDA5B?B4DA>C:?-A??5?A?A-A	0	27:A>G,53:T>G
GAPC_0018:7:1:1290:9124#0/1	-	chr1	83658437	CAGTTTAATCATCTAGCACCATGCTGACAGTCTTGTGCCAGCAATCCCATCCATCCCAAACTA	@+@--BBB::BBBC5CC*D?-B@CCD-CABDD:DDDD?DB=BC=-BDD-DD:5?EEAEBAFDF	0	
GAPC_0018:7:1:1290:17916#0/1	-	chr10	110056985	GACTCTCATGGAATCTCCGCAGACTGAGGCTCTGAGAGGAGAATAGGAAAGAGGCAAAGACGGGGCACTATGGTG	:5@5-ABABB@+@*>+@@5@3A>:CC-@-A:-:A>A:AA;A:5?<CA?>>:AC5AB=5ABDBD?AA?DDCBBD:D	0	21:A>G,46:A>G,56:A>G
GAPC_0018:7:1:1291:16989#0/1	-	chr14	10571546	TCCCTGCATAACAAAAATGGCAGTGCTTCTTTCTCATTCTAAAAACTTTGCCATAGCCTAGGAATCCTGGTCCTT	=B5AAAA:>;-B+?B5ABEBC:BC564EDBD:CB:B@:BDAC:A8D5D:?EE5?EDBE5EEDE5EE:EDDE:=?E	0	
GAPC_0018:7:1:1293:10464#0/1	+	chr2	87136476	ATGGCCCAGGATCCCAAATGTAGTTTGCAAGCACAGAGAGCTTTATGCTAGTAGCTCTGCCTGCAGGCTAGT	A>A:>5C:A?A=CDD?B:=AADBA=C-C=5CCC:-));2:@D?@D>=C@-?:A?A:DB5DBB5?B--?>*>?	0	5:T>C
GAPC_0018:7:1:1294:12667#0/1	+	chr4	38539507	TTAAACTTATTATTAGCTATTCTGATTTTTTTCACTTTATGCGATTCTTATATCTATTGCCTGAGTGTCAGTTGC	ABFFGFGGGBGBGG;AEEDE:EDEDGGGGGDGGBGDGF?GGFG=5FFFFEEGFGDAF=AEFDFAFDFEFDFFE5E	0	
GAPC_0018:7:1:1296:9739#0/1	+	chr10	54199065	TAACAAAATATAAGTGGAACATAAACAAGAGGACACGAGGGAAATCAGGAAAACACAGGAATAAACCTTGGAGAT	?DEEFAD,<A6AA:-ACCCC?5EA?A;D;E::?EE:E=E=,EE=?EEE-EEDEEDD::-D.>@-=CC-55CA-C?	0	60:T>A,72:A>G,73:G>A
GAPC_0018:7:1:1297:1369#0/1	-	chr6	56529716	GGGTAGCTCAGGATGTGGCTGGGGCCAGGCCTGAGGGCTGCTGGT	?5A-<>>5>-B5-AACDCA:@=/?=2)<=,?BD:D>B8.>-:CAA	0	22:A>G,41:G>T
GAPC_0018:7:1:1297:15410#0/1	-	chr4	20252273	TACCTTCATCCTCCACAATGATCCATGAGTTTTACAGGAGACAGAATATGATACAGTTATCTTAGTTAGAACAGA	F?FFECDA6CE5BDBEE?=EDAGG?EE5EE:AEEE:FFEFE??GG?FFGEFBEFFFFF?GGGGAGFFFF=EFFFD	0	
GAPC_0018:7:1:1299:9326#0/1	+	chr7	72175536	ACATATGAAAGAAGCCATAGACTAGAAACCCTTCTGCACCTTTGTACACGCAACAAACAAAGCACATATGATAAA	EEEDEBBFFAFFFBDFF=DCEF=FDEEDEDCE5:=E?DDF:CAC@EE:EBDAEBFECFFF=;DEE?B=B:EEEEB	0	
GAPC_0018:7:1:1301:3546#0/1	-	chr7	152422959	TTGCCAGCCTCTGGTGGCTGCTTGTGCTCTGTGGCTATGGTTACATCCCCAGTCTTCACTTGTGCCTCA	A55:B5B,D?-=D?=DC?DDD:DCDDC?=:==D5CA-?CABDADDB5BDDDDDDA:=-:DDD-=5CCC5	0	
GAPC_0018:7:1:1302:18090#0/1	+	chr11	108174450	TAGAGAGGCAGTTCAGACAATGGTGTGTTTGACTGCCGTGCGTAGCACCCCAGCTTCA	C-A??@:?DCD??DC?<??>55@>=AB-A4@->>5AC-=>>A'>-AACCCD?=5?5A?	0	53:G>C
GAPC_0018:7:1:1303:7671#0/1	-	chr2	88522558	GACCTAAACATGGACCTAATAGGGATAAATATTTAAACAATGTGACTGAGACAAACGTTTGCATCTTATTGCTA	A=-ADD?BDC?CC-5DDA=E:DEEEEDEED?=5?EDE:EAEEEEA5C>>EBEEABAEEED?AD=CCAC:C=5=A	0	
GAPC_0018:7:1:1304:6315#0/1	+	chr6	65935734	TGACCGCTATGCTTGCAAAGAAGCCCATACTAGCTTGCATGAAGAGATCACAGCAGGAAGACATGTGTAAATGTT	-A:?=CAD-=:?-CC>=B@A?AABBB@DBA5:DD-=.==:BD:5?BB:DB-D??=?A:AA,A?AAB-AA-??-DD	0	60:T>A
GAPC_0018:7:1:1308:13241#0/1	+	chr16	16570464	TGTGACTCTAGAGAACCCTGACTAATACACCATCCTATAATCAAGAATTTAAGTACAGTAGGGTTTTGCCCTAAG	FFEF:GGGGEEGGEGFFF5FFFAFDFFFFFEFEEFFD?FDDF?BEAEBE:EED?EFFE@EE?B5:D5:CAE:5A=	0	
GAPC_0018:7:1:1310:9054#0/1	+	chr9	45068586	ACAGTCCTCAGAGATCCTCCCGCTATCCTCAGAATGCACTCAATGAATGACCCCAGGCCATTCCCACAGGC	AA:C-?C-CCADB=ADB=DDDBCCBADD?BC-D:?BDCDADDAB??::-CDD5DC??*C:-@CCCDDAB5D	0	57:T>C
GAPC_0018:7:1:1311:9613#0/1	-	chr6	126762536	TGTTTAAGCATGCTTCTTTGTGCTGTGGTTTCTGGTTTAGGGCAGATAGCCCGCAGACAGTTTTCCTGT	CC@@B-:BB?=D?C?,BD=D::B=DDADCBCC=B5CBDBA:5==-CC5C-B-DB?A5=5=DDDD==B?D	0	
GAPC_0018:7:1:1312:18366#0/1	-	chr1	107589071	TGGTATTCTTATACTTAAGAAGTTAGATATTTTAACTTCACCCAAGTCTGGTCAGTTTCAGTAAAGTAACTCCAA	BCAB,C@A?=@=:ACB,=D:BBCBBA4C-A:?C-BA?8??5:-A@D-D5ADADDDCB=-ADDB5?@>@<6>6??C	0	
GAPC_0018:7:1:1313:6573#0/1	-	chr11	93252018	AGCCCTCTTCCTATCATGTGCCTTCCCAGAATGTTAATCCAGTTCCTGACCAATCCACGCAGCTGTGTAGGCCTT	BB3,BA@@--@B@@?=B??+:A@-=?B@EBBCD-D?EE?BEE:EEEEE@:BC=DEE?A=CBECAECE:,DEDEDE	0	6:G>A,55:A>G
GAPC_0018:7:1:1316:6108#0/1	-	chr11	96939755	GAAAAGTAGGATTTGAAAAACAAATCAAAGCCAACAATTCTTCTACACCTGTGGAGTCGGTCACTGTTTTGCTCT	C:C5?DB5:DC?B?B><8A4D:D5D=BD:DDCBBBADBADD?DAC?:DBB:ADD5DBADD:D?>DEEB=DEADED	0	
GAPC_0018:7:1:1319:7327#0/1	+	chr5	61891903	AGTGAGAAAGCAATGTCATCCTAGAATCCCCTCCCTTAGACCACTTTGTGTCCACTGAAACATGCTGAAAGATTA	EE?EAEBDEFFGGGFEFE=GDDFFFB=FDDDDEACEFEDFGFBGGDBDED5=C@:AC:CC?BE-E=CECBEE+5=	0	
GAPC_0018:7:1:1321:4661#0/1	+	chr16	86347773	AAAGTGAAATCCAAACATCTCCAGTAGCTTAAAATGTAAAAATAAAAATCAGGATTGCCAGTAATGATTCAACTG	EE:B@8=>;7*;:7>>=8=<DAEEBDDEFFFD?FF==DDDF;FFFC>8EFEFCBB:EDEDE=D=BA-C:C:ABAA	0	10:T>C
GAPC_0018:7:1:1322:18275#0/1	+	chr4	70412584	TGGACCAGAAAAGAAATTCCTCCTGACACATAATAATCCATAATAATCAGAACAACAAATGTACTAAATAAAGCT	BFFAAEFFFFEEDD33=CCCEEE?E5@CCCDEBA-=>@B@EE?BE=D:?DD5DDDBE6?DD?DD@DD:AAD0@-?	0	73:A>C
GAPC_0018:7:1:1323:5391#0/1	-	chr5	68469655	CAAGTCTTGTGGAAGGCCTCTTTGCTCTTTGAAGGAAGGTCTTTCCAAAGGGTTACACTGTCCCTTTTTCCT	A-5DD5DDDADDBDDDC6@4@65=D6:DD?DDDDDD:?@@6=5DDD:CACCAAA:5?C?CAC5=;DB?EDE:	0	
GAPC_0018:7:1:1323:10185#0/1	-	chr15	26656186	CTGAGAACCTGCGAGGCCTTTCACCAAGGGCATGAGGACAAGTCAACTTGGAACAGTGGGGAAAGGCGAATCCCA	??:C??5-C:5B,DB5C5=DC=-:CC?:C5:D:DAABAA-?ADABB=ADDC=DDABADADD?DA=CDD5DD=DDD	0	45:A>G
GAPC_0018:7:1:1324:15326#0/1	+	chr15	78872924	AGTAACAAAAGAAACTCCCAATACACTCGTCAGATGCTAAGGTACCTATACCTGACTCACATTGCCTCACATTTA	FFEFFFDFFCFFCFFFEFFFDEEEEEDEBBEEA?BBEBEECB4CEE??=CDFEDFDDF5FC@??CE:EABE=B@B	0	
GAPC_0018:7:1:1329:12720#0/1	+	chr18	39941556	TCATGAAGGTATTTCCTCCTGCAGATTTCCAACAGCCAGCATGCAGAGGATGGGCCGAGACACATCTGCATGGCA	B>DAB?BDD5::C?CDEBEEEEEEE?DDEEEEEA=E=EEEA5AD?C5CAC-?D?@C=5?CEEEEE?-A?A-:>AB	0	
GAPC_0018:7:1:1334:6168#0/1	-	chr14	72222831	TTCCAGGACCAACCTCTCCTTCAACACAATTAAATTAATACTTGCCAGGTGCTCTTGAGTTTATAAATCTCTGCA	:5A?5C=1>;=?AD?AADBD?BEFFEEBEADDD5=?EEECE=BEB??FFFFA=FFEDDEAAFFEFDDD?D-CCCC	0	
GAPC_0018:7:1:1336:14928#0/1	+	chr15	15343484	AGGGGGAAAAATACACATGGGAGCAAATATGTAGATAAAGTGTGAGCAGAGACTGAGGCATGGTCATCCAGAGAC	EBEDD66ADDEE<@EEA:E5EE?DEEED;EE5?E55A:B<5A::ABD?D5BAD::CC,C-565;@C-A5C:C@?C	0	2:T>G,6:T>A
GAPC_0018:7:1:1336:15930#0/1	-	chr3	38854430	TTTCGCCCATTGATGACCGAGTAGGCCATCCTCTGCTACATATGCAGCTAGAGCCATGAGTCCCACCATGGTT	?@@B-5B?=AAC5CB5:BC>C:5DC=@:?5CBBAD:5AA=DDDAAAA5?:DAD:5DDD5D;DDF5DFFFFFAE	0	68:T>G
GAPC_0018:7:1:1337:18087#0/1	-	chr13	98603054	TCCTGCTGATACCTCGATTGTAGGACCTTTGACCTTTGGAACACTATGGTAACAGAAACTGGTTTTGTAAACCCA	CCBDDDBD?D)DD5DDD=DBDBDDB-5=C:DBCD?DDDDD?DBDDCDDDDDDDDDDBDADDD6D5BFFFEFFDAF	0	
GAPC_0018:7:1:1338:8537#0/1	+	chr9	89409595	CCAGGTCTCAGAGACTACCAAGAAGTAGGGCTGGGGGTTTGCTTACTTAGTAAAGTGCTTGCCATGCAAACAAGA	AAA5?5DD5ADBD:DD?DAD==BD=@?CABA:DAA?D=?-C?5??@==-C5DDD==CC=@==CC5CDB?BBBCCD	0	
GAPC_0018:7:1:1338:19293#0/1	-	chr13	118255670	GAGACACAACTACCCAGGTACAGCAGCTCCAGATATTTTTGGTTATATCAAACTCATTGACCACCAGGTCTTGCA	A?D=AAAA?--:?=A?D:?:DB5BDD?D=D5DBBBD:5DADDDDDC?-::B?B=B=ACA5C?CAC=C-@C-?8AB	0	
GAPC_0018:7:1:1338:18739#0/1	+	chr9	3755712	AGGCCATCTTCTGCTACATATGCAGCTAGAGACACGAGCTCTGGGGGTACTGGTTTCTTGTATGCAGCAAAATGG	-DB;DDEEDDAEFFDE?:EEDFFFFAFFF?FFFFFFFDE=EE?B=EE==D:D5@CEEDED=CB?EAEE=E?E=E:	0	
GAPC_0018:7:1:1341:13738#0/1	+	chr5	63330564	TCGTGGTGGTTGTTTTAACGTGTTCTTTGTATGAAAGACAAATTAGCACTTCTCAAATTTGAAGAAGTGTTATCG	-BDD5A:AAC5:DAD@@DDD?DABDDD??B?-CCCDDADDD;CCDDDDDDB5BDDDD::C?CBD=;C==-CDCD:	0	
GAPC_0018:7:1:1341:6614#0/1	+	chr12	54193194	AGGGCATTAATTTAAGCAGGGCAGAAACCTGGAGGCAAGAGCTGATGCAGAAGCCATGAA	EBE?DAEDB=ED?EDA5E-:?EBEEE=E:B:-><?5D@55:@5@555ABC?@,5:???5?	0	
GAPC_0018:7:1:1343:17287#0/1	-	chr9	78453244	GGAAACATAAACTTAATTTTGGTTTTACAAGAGCTCCCAGTTAAGAACTGCTGGCATCCCAGAAGAGACTCTGCA	AC4>5C?5:?:BD5?D=B55CC::CDADB=@>@=6>)>>@5DADDADBDDDDDD?DA:DDAC-CC=?;>:6C>@@	0	38:A>C
GAPC_0018:7:1:1343:5642#0/1	+	chr3	86641462	TAGCAGCTGTGGTTTGTTTTGGTTTTCCTTTATTAAGGCGTGAGTCATAAAGTGTTCTAGTTGGGTTTCTATTGT	D5EE=D5DDACD=D?DDD@BB:BA?DDDDD5:C56:=CA:=:CA5C:AC5B;5==,@6@?B:=AB=5?D?DD)BC	0	
