ENSMUSG00000041147_151341223_plus_0	+	chr5	151341223	GTATACCAGATTCTTCTGACAAAAAACGCTGTTTACCGAATGATCCTGAAGAGCCATCCTTGACCAACTCTTTTG	IIIIIIIIIIIIIIIIIIIIIIIIIIIIIIIIIIIIIIIIIIIIIIIIIIIIIIIIIIIIIIIIIIIIIIIIIII	0	
ENSMUSG00000041147_151341223_minus_0	-	chr5	151341223	GTATACCAGATTCTTCTGACAAAAAACGCTGTTTACCGAATGATCCTGAAGAGCCATCCTTGACCAACTCTTTTG	IIIIIIIIIIIIIIIIIIIIIIIIIIIIIIIIIIIIIIIIIIIIIIIIIIIIIIIIIIIIIIIIIIIIIIIIIII	0	
ENSMUSG00000041147_151341223_plus_75	+	chr5	151341298	GGACTGCTACCAGTAAAGAAATTAGTTATATTCATGCATTGATATCTCAGGATCTTAATGACAAAGAAGCAATAG	IIIIIIIIIIIIIIIIIIIIIIIIIIIIIIIIIIIIIIIIIIIIIIIIIIIIIIIIIIIIIIIIIIIIIIIIIII	0	
ENSMUSG00000041147_151341223_plus_150	+	chr5	151341373	TCATTGAAGAAAAACCACAGCCATATACAGCCCGAGAAGCTGACTTTCTGTTATGCTTGCCAGAAAGAACATGTG	IIIIIIIIIIIIIIIIIIIIIIIIIIIIIIIIIIIIIIIIIIIIIIIIIIIIIIIIIIIIIIIIIIIIIIIIIII	0	
ENSMUSG00000041147_151341223_plus_375	+	chr5	151341598	TAACTCCCAGCTCAAAGCTACCTCTGTCAAAGGCAGACATGGTTTCTAGAGAGAAAATGTGTAAAATGCCAGAGA	IIIIIIIIIIIIIIIIIIIIIIIIIIIIIIIIIIIIIIIIIIIIIIIIIIIIIIIIIIIIIIIIIIIIIIIIIII	0	
ENSMUSG00000041147_151341223_minus_150	-	chr5	151341373	TCATTGAAGAAAAACCACAGCCATATACAGCCCGAGAAGCTGACTTTCTGTTATGCTTGCCAGAAAGAACATGTG	IIIIIIIIIIIIIIIIIIIIIIIIIIIIIIIIIIIIIIIIIIIIIIIIIIIIIIIIIIIIIIIIIIIIIIIIIII	0	
ENSMUSG00000041147_151341223_plus_450	+	chr5	151341673	AACTGCAATGTGAGAGTTGTAAAGTTAATATTGAACTAAGTAAAAACATCTTGGAGGTAAATGAAATATGTATCT	IIIIIIIIIIIIIIIIIIIIIIIIIIIIIIIIIIIIIIIIIIIIIIIIIIIIIIIIIIIIIIIIIIIIIIIIIII	0	
ENSMUSG00000041147_151341223_plus_300	+	chr5	151341523	TGCAACTCAGCAGCATTAGCTTTGAATCACAGGAAAACCCTCTTGGTGACCACAACGGAACAAGTACTCTTAAAT	IIIIIIIIIIIIIIIIIIIIIIIIIIIIIIIIIIIIIIIIIIIIIIIIIIIIIIIIIIIIIIIIIIIIIIIIIII	0	
ENSMUSG00000041147_151341223_minus_225	-	chr5	151341448	AAAATGACCAAAAAAGTCCAAAAGTTTCCAATGGAAAAGAAAAAGTCTTAGTTTCAGCATGTCTTCCTTCAGCAG	IIIIIIIIIIIIIIIIIIIIIIIIIIIIIIIIIIIIIIIIIIIIIIIIIIIIIIIIIIIIIIIIIIIIIIIIIII	0	
ENSMUSG00000041147_151341223_minus_450	-	chr5	151341673	AACTGCAATGTGAGAGTTGTAAAGTTAATATTGAACTAAGTAAAAACATCTTGGAGGTAAATGAAATATGTATCT	IIIIIIIIIIIIIIIIIIIIIIIIIIIIIIIIIIIIIIIIIIIIIIIIIIIIIIIIIIIIIIIIIIIIIIIIIII	0	
ENSMUSG00000041147_151341223_plus_525	+	chr5	151341748	TAAGTGAAAATTCTAAAACTCCTGGGCTTCTGCCACCTGGTGAAAATATAATAGAAGTGGCCTCTTCAATGAAGT	IIIIIIIIIIIIIIIIIIIIIIIIIIIIIIIIIIIIIIIIIIIIIIIIIIIIIIIIIIIIIIIIIIIIIIIIIII	0	
ENSMUSG00000041147_151341223_plus_600	+	chr5	151341823	CACAGTTCAATCAAAATGCAAAAATAGTCATACAGAAGGACCAAAAAGGCTCACCTTTTATTTCAGAAGTAGCAG	IIIIIIIIIIIIIIIIIIIIIIIIIIIIIIIIIIIIIIIIIIIIIIIIIIIIIIIIIIIIIIIIIIIIIIIIIII	0	
ENSMUSG00000041147_151341223_minus_600	-	chr5	151341823	CACAGTTCAATCAAAATGCAAAAATAGTCATACAGAAGGACCAAAAAGGCTCACCTTTTATTTCAGAAGTAGCAG	IIIIIIIIIIIIIIIIIIIIIIIIIIIIIIIIIIIIIIIIIIIIIIIIIIIIIIIIIIIIIIIIIIIIIIIIIII	0	
ENSMUSG00000041147_151341223_minus_675	-	chr5	151341898	TCAATATGAACTCTGAAGAACTTTTCCCAGACAGTGGGAATAATTTTGCTTTTCAAGTAACTAATAAATGCAATA	IIIIIIIIIIIIIIIIIIIIIIIIIIIIIIIIIIIIIIIIIIIIIIIIIIIIIIIIIIIIIIIIIIIIIIIIIII	0	
ENSMUSG00000041147_151341223_minus_525	-	chr5	151341748	TAAGTGAAAATTCTAAAACTCCTGGGCTTCTGCCACCTGGTGAAAATATAATAGAAGTGGCCTCTTCAATGAAGT	IIIIIIIIIIIIIIIIIIIIIIIIIIIIIIIIIIIIIIIIIIIIIIIIIIIIIIIIIIIIIIIIIIIIIIIIIII	0	
ENSMUSG00000041147_151341223_plus_750	+	chr5	151341973	AGCCTGATTTAGGAAGTTCAGTGGAACTCCAGGAAGAAGACCTCAGCCACACACAAGGGCCTAGTCTCAAGAACT	IIIIIIIIIIIIIIIIIIIIIIIIIIIIIIIIIIIIIIIIIIIIIIIIIIIIIIIIIIIIIIIIIIIIIIIIIII	0	
ENSMUSG00000041147_151341223_minus_750	-	chr5	151341973	AGCCTGATTTAGGAAGTTCAGTGGAACTCCAGGAAGAAGACCTCAGCCACACACAAGGGCCTAGTCTCAAGAACT	IIIIIIIIIIIIIIIIIIIIIIIIIIIIIIIIIIIIIIIIIIIIIIIIIIIIIIIIIIIIIIIIIIIIIIIIIII	0	
ENSMUSG00000041147_151341223_minus_825	-	chr5	151342048	CTCCCATGGCAGTAGATGAAGATGTAGATGATGCGCATGCAGCCCAAGTGTTGATTACAAAGGACTCAGATTCAT	IIIIIIIIIIIIIIIIIIIIIIIIIIIIIIIIIIIIIIIIIIIIIIIIIIIIIIIIIIIIIIIIIIIIIIIIIII	0	
ENSMUSG00000041147_151341223_plus_825	+	chr5	151342048	CTCCCATGGCAGTAGATGAAGATGTAGATGATGCGCATGCAGCCCAAGTGTTGATTACAAAGGACTCAGATTCAT	IIIIIIIIIIIIIIIIIIIIIIIIIIIIIIIIIIIIIIIIIIIIIIIIIIIIIIIIIIIIIIIIIIIIIIIIIII	0	
ENSMUSG00000041147_151341223_plus_900	+	chr5	151342123	TAGCTGTGGTCCATGATTATACAGAGAAGAGCAGAAATAATATAGAGCAGCACCAGAAAGGAACCGAAGACAAAG	IIIIIIIIIIIIIIIIIIIIIIIIIIIIIIIIIIIIIIIIIIIIIIIIIIIIIIIIIIIIIIIIIIIIIIIIIII	0	
ENSMUSG00000041147_151341223_minus_900	-	chr5	151342123	TAGCTGTGGTCCATGATTATACAGAGAAGAGCAGAAATAATATAGAGCAGCACCAGAAAGGAACCGAAGACAAAG	IIIIIIIIIIIIIIIIIIIIIIIIIIIIIIIIIIIIIIIIIIIIIIIIIIIIIIIIIIIIIIIIIIIIIIIIIII	0	
ENSMUSG00000041147_151341223_plus_975	+	chr5	151342198	ATTTCAAGTCAAATTCCTCCTTGAATATGAAATCAGATGGGAACAGTGATTGTTCAGACAAATGGTCAGAGTTCT	IIIIIIIIIIIIIIIIIIIIIIIIIIIIIIIIIIIIIIIIIIIIIIIIIIIIIIIIIIIIIIIIIIIIIIIIIII	0	
ENSMUSG00000041147_151341223_minus_975	-	chr5	151342198	ATTTCAAGTCAAATTCCTCCTTGAATATGAAATCAGATGGGAACAGTGATTGTTCAGACAAATGGTCAGAGTTCT	IIIIIIIIIIIIIIIIIIIIIIIIIIIIIIIIIIIIIIIIIIIIIIIIIIIIIIIIIIIIIIIIIIIIIIIIIII	0	
ENSMUSG00000041147_151341223_plus_1050	+	chr5	151342273	TGGATCCAGTCTTGAACCATAATTTTGGAGGTAGCTTCAGAACAGCTTCCAATAAAGAAATAAAACTTTCAGAGC	IIIIIIIIIIIIIIIIIIIIIIIIIIIIIIIIIIIIIIIIIIIIIIIIIIIIIIIIIIIIIIIIIIIIIIIIIII	0	
ENSMUSG00000041147_151341223_minus_1050	-	chr5	151342273	TGGATCCAGTCTTGAACCATAATTTTGGAGGTAGCTTCAGAACAGCTTCCAATAAAGAAATAAAACTTTCAGAGC	IIIIIIIIIIIIIIIIIIIIIIIIIIIIIIIIIIIIIIIIIIIIIIIIIIIIIIIIIIIIIIIIIIIIIIIIIII	0	
ENSMUSG00000041147_151341223_plus_1125	+	chr5	151342348	ATAATGTCAAGAAAAGTAAAATGTTCTTCAAAGATATTGAAGAACAGTATCCTACTAGGTTAGCTTGTATTGACA	IIIIIIIIIIIIIIIIIIIIIIIIIIIIIIIIIIIIIIIIIIIIIIIIIIIIIIIIIIIIIIIIIIIIIIIIIII	0	
ENSMUSG00000041147_151341223_plus_675	+	chr5	151341898	TCAATATGAACTCTGAAGAACTTTTCCCAGACAGTGGGAATAATTTTGCTTTTCAAGTAACTAATAAATGCAATA	IIIIIIIIIIIIIIIIIIIIIIIIIIIIIIIIIIIIIIIIIIIIIIIIIIIIIIIIIIIIIIIIIIIIIIIIIII	0	
ENSMUSG00000041147_151341223_minus_75	-	chr5	151341298	GGACTGCTACCAGTAAAGAAATTAGTTATATTCATGCATTGATATCTCAGGATCTTAATGACAAAGAAGCAATAG	IIIIIIIIIIIIIIIIIIIIIIIIIIIIIIIIIIIIIIIIIIIIIIIIIIIIIIIIIIIIIIIIIIIIIIIIIII	0	
ENSMUSG00000041147_151341223_minus_1200	-	chr5	151342423	TTGTTAATACCCTTCCATTAGCAAACCAGAAGAAACTAAGTGAACCTCATATATTTGATTTGAAATCAGTTACTA	IIIIIIIIIIIIIIIIIIIIIIIIIIIIIIIIIIIIIIIIIIIIIIIIIIIIIIIIIIIIIIIIIIIIIIIIIII	0	
ENSMUSG00000041147_151341223_plus_1275	+	chr5	151342498	CTGTATCTACACAGTCTCACAATCAATCATCTGTTTCTCATGAAGATACTGACACAGCACCTCAGATGTTATCTT	IIIIIIIIIIIIIIIIIIIIIIIIIIIIIIIIIIIIIIIIIIIIIIIIIIIIIIIIIIIIIIIIIIIIIIIIIII	0	
ENSMUSG00000041147_151341223_minus_1275	-	chr5	151342498	CTGTATCTACACAGTCTCACAATCAATCATCTGTTTCTCATGAAGATACTGACACAGCACCTCAGATGTTATCTT	IIIIIIIIIIIIIIIIIIIIIIIIIIIIIIIIIIIIIIIIIIIIIIIIIIIIIIIIIIIIIIIIIIIIIIIIIII	0	
ENSMUSG00000041147_151341223_plus_1350	+	chr5	151342573	CAAAGCAAGATTTTCATTCAAATAATTTAACGACCAGCCAAAAAGCAGAAATTACAGAACTGTCTACTATTTTGG	IIIIIIIIIIIIIIIIIIIIIIIIIIIIIIIIIIIIIIIIIIIIIIIIIIIIIIIIIIIIIIIIIIIIIIIIIII	0	
ENSMUSG00000041147_151341223_plus_1200	+	chr5	151342423	TTGTTAATACCCTTCCATTAGCAAACCAGAAGAAACTAAGTGAACCTCATATATTTGATTTGAAATCAGTTACTA	IIIIIIIIIIIIIIIIIIIIIIIIIIIIIIIIIIIIIIIIIIIIIIIIIIIIIIIIIIIIIIIIIIIIIIIIIII	0	
ENSMUSG00000041147_151341223_minus_1125	-	chr5	151342348	ATAATGTCAAGAAAAGTAAAATGTTCTTCAAAGATATTGAAGAACAGTATCCTACTAGGTTAGCTTGTATTGACA	IIIIIIIIIIIIIIIIIIIIIIIIIIIIIIIIIIIIIIIIIIIIIIIIIIIIIIIIIIIIIIIIIIIIIIIIIII	0	
ENSMUSG00000041147_151341223_plus_1425	+	chr5	151342648	AAGAATCAGGAAGTCAGTTTGAATTCACACAGTTCAGAAAGCCAAGCCACATAGCACAGAATACATCTGAAGTGC	IIIIIIIIIIIIIIIIIIIIIIIIIIIIIIIIIIIIIIIIIIIIIIIIIIIIIIIIIIIIIIIIIIIIIIIIIII	0	
ENSMUSG00000041147_151341223_minus_1500	-	chr5	151342723	CTGGAAACCAGATGGTTGTTTTAAGTACCGCTTCTAAGGAGTGGAAAGATACTGATCTTCACCTCCCAGTGGATC	IIIIIIIIIIIIIIIIIIIIIIIIIIIIIIIIIIIIIIIIIIIIIIIIIIIIIIIIIIIIIIIIIIIIIIIIIII	0	
ENSMUSG00000041147_151341223_plus_1500	+	chr5	151342723	CTGGAAACCAGATGGTTGTTTTAAGTACCGCTTCTAAGGAGTGGAAAGATACTGATCTTCACCTCCCAGTGGATC	IIIIIIIIIIIIIIIIIIIIIIIIIIIIIIIIIIIIIIIIIIIIIIIIIIIIIIIIIIIIIIIIIIIIIIIIIII	0	
ENSMUSG00000041147_151341223_minus_1575	-	chr5	151342798	CCTCTGTAGGTCAGACAGATCACAGCAAGCAATTTGAAGGTTCGGCTGGAGTTAAACAAAGCTTTCCTCACCTGT	IIIIIIIIIIIIIIIIIIIIIIIIIIIIIIIIIIIIIIIIIIIIIIIIIIIIIIIIIIIIIIIIIIIIIIIIIII	0	
ENSMUSG00000041147_151341223_minus_1350	-	chr5	151342573	CAAAGCAAGATTTTCATTCAAATAATTTAACGACCAGCCAAAAAGCAGAAATTACAGAACTGTCTACTATTTTGG	IIIIIIIIIIIIIIIIIIIIIIIIIIIIIIIIIIIIIIIIIIIIIIIIIIIIIIIIIIIIIIIIIIIIIIIIIII	0	
ENSMUSG00000041147_151341223_minus_1425	-	chr5	151342648	AAGAATCAGGAAGTCAGTTTGAATTCACACAGTTCAGAAAGCCAAGCCACATAGCACAGAATACATCTGAAGTGC	IIIIIIIIIIIIIIIIIIIIIIIIIIIIIIIIIIIIIIIIIIIIIIIIIIIIIIIIIIIIIIIIIIIIIIIIIII	0	
ENSMUSG00000041147_151341223_minus_1650	-	chr5	151342873	TAGAAGACACTTGTAACAAAAATACATCTTGTTTTTTACCAAATATAAATGAAATGGAGTTTGGAGGATTTTGTT	IIIIIIIIIIIIIIIIIIIIIIIIIIIIIIIIIIIIIIIIIIIIIIIIIIIIIIIIIIIIIIIIIIIIIIIIIII	0	
ENSMUSG00000041147_151341223_plus_1725	+	chr5	151342948	CTGCTCTTGGCACAAAACTTAGTGTGTCTAATGAGGCTCTGAGAAAAGCTATGAAACTGTTCAGTGACATTGAAA	IIIIIIIIIIIIIIIIIIIIIIIIIIIIIIIIIIIIIIIIIIIIIIIIIIIIIIIIIIIIIIIIIIIIIIIIIII	0	
ENSMUSG00000041147_151341223_minus_1725	-	chr5	151342948	CTGCTCTTGGCACAAAACTTAGTGTGTCTAATGAGGCTCTGAGAAAAGCTATGAAACTGTTCAGTGACATTGAAA	IIIIIIIIIIIIIIIIIIIIIIIIIIIIIIIIIIIIIIIIIIIIIIIIIIIIIIIIIIIIIIIIIIIIIIIIIII	0	
ENSMUSG00000041147_151341223_plus_1800	+	chr5	151343023	ATAGTGAGGAGCCTTCTGCAAAAGTAGGACCAAGAGGATTCTCTTCAAGTGCACACCATGATTCTGTTGCTTCAG	IIIIIIIIIIIIIIIIIIIIIIIIIIIIIIIIIIIIIIIIIIIIIIIIIIIIIIIIIIIIIIIIIIIIIIIIIII	0	
ENSMUSG00000041147_151341223_minus_1800	-	chr5	151343023	ATAGTGAGGAGCCTTCTGCAAAAGTAGGACCAAGAGGATTCTCTTCAAGTGCACACCATGATTCTGTTGCTTCAG	IIIIIIIIIIIIIIIIIIIIIIIIIIIIIIIIIIIIIIIIIIIIIIIIIIIIIIIIIIIIIIIIIIIIIIIIIII	0	
ENSMUSG00000041147_151341223_minus_1875	-	chr5	151343098	TGTTTAAGATAAAGAAACAAAACACTGAAAAAAGTTTTGATGAAAAATCTAGTAAGTGCCAAGTAACATTACAAA	IIIIIIIIIIIIIIIIIIIIIIIIIIIIIIIIIIIIIIIIIIIIIIIIIIIIIIIIIIIIIIIIIIIIIIIIIII	0	
ENSMUSG00000041147_151341223_plus_1875	+	chr5	151343098	TGTTTAAGATAAAGAAACAAAACACTGAAAAAAGTTTTGATGAAAAATCTAGTAAGTGCCAAGTAACATTACAAA	IIIIIIIIIIIIIIIIIIIIIIIIIIIIIIIIIIIIIIIIIIIIIIIIIIIIIIIIIIIIIIIIIIIIIIIIIII	0	
ENSMUSG00000041147_151341223_plus_1950	+	chr5	151343173	ATAATATTGAAATGACTACCTGTATTTTTGTTGGCAGAAATCCTGAAAAATACATAAAGAATACAAAACATGAAG	IIIIIIIIIIIIIIIIIIIIIIIIIIIIIIIIIIIIIIIIIIIIIIIIIIIIIIIIIIIIIIIIIIIIIIIIIII	0	
ENSMUSG00000041147_151341223_plus_1575	+	chr5	151342798	CCTCTGTAGGTCAGACAGATCACAGCAAGCAATTTGAAGGTTCGGCTGGAGTTAAACAAAGCTTTCCTCACCTGT	IIIIIIIIIIIIIIIIIIIIIIIIIIIIIIIIIIIIIIIIIIIIIIIIIIIIIIIIIIIIIIIIIIIIIIIIIII	0	
ENSMUSG00000041147_151341223_minus_300	-	chr5	151341523	TGCAACTCAGCAGCATTAGCTTTGAATCACAGGAAAACCCTCTTGGTGACCACAACGGAACAAGTACTCTTAAAT	IIIIIIIIIIIIIIIIIIIIIIIIIIIIIIIIIIIIIIIIIIIIIIIIIIIIIIIIIIIIIIIIIIIIIIIIIII	0	
ENSMUSG00000041147_151341223_minus_2025	-	chr5	151343248	ATAGCTATACTAGCTCTCAAAGAAATAATTTAGAAAACTCTGATGGTAGTATGTCAAGTACAAGTGGCCCAGTTT	IIIIIIIIIIIIIIIIIIIIIIIIIIIIIIIIIIIIIIIIIIIIIIIIIIIIIIIIIIIIIIIIIIIIIIIIIII	0	
ENSMUSG00000041147_151341223_minus_375	-	chr5	151341598	TAACTCCCAGCTCAAAGCTACCTCTGTCAAAGGCAGACATGGTTTCTAGAGAGAAAATGTGTAAAATGCCAGAGA	IIIIIIIIIIIIIIIIIIIIIIIIIIIIIIIIIIIIIIIIIIIIIIIIIIIIIIIIIIIIIIIIIIIIIIIIIII	0	
ENSMUSG00000041147_151341223_plus_2175	+	chr5	151343398	GAGAGGAAAACACACAAATTAAGGAAAATATATCAGATTTAACATGTTTGGAAATTATGAAAGCTGAGGAAACAT	IIIIIIIIIIIIIIIIIIIIIIIIIIIIIIIIIIIIIIIIIIIIIIIIIIIIIIIIIIIIIIIIIIIIIIIIIII	0	
ENSMUSG00000041147_151341223_plus_2100	+	chr5	151343323	ATATTCATAAAGGTGACAGTGATTTACCTGCCGATCAAGGCAGTAAGTGTCCTGAGTCATGTACCCAATATGCGA	IIIIIIIIIIIIIIIIIIIIIIIIIIIIIIIIIIIIIIIIIIIIIIIIIIIIIIIIIIIIIIIIIIIIIIIIIII	0	
ENSMUSG00000041147_151341223_plus_2025	+	chr5	151343248	ATAGCTATACTAGCTCTCAAAGAAATAATTTAGAAAACTCTGATGGTAGTATGTCAAGTACAAGTGGCCCAGTTT	IIIIIIIIIIIIIIIIIIIIIIIIIIIIIIIIIIIIIIIIIIIIIIIIIIIIIIIIIIIIIIIIIIIIIIIIIII	0	
ENSMUSG00000041147_151341223_plus_2250	+	chr5	151343473	GTATGAAATCTTCAGATAAAAAACAATTACCTTCAGATAAGATGGAACAAAATATAAAAGAGTTTAATATATCCT	IIIIIIIIIIIIIIIIIIIIIIIIIIIIIIIIIIIIIIIIIIIIIIIIIIIIIIIIIIIIIIIIIIIIIIIIIII	0	
ENSMUSG00000041147_151341223_minus_1950	-	chr5	151343173	ATAATATTGAAATGACTACCTGTATTTTTGTTGGCAGAAATCCTGAAAAATACATAAAGAATACAAAACATGAAG	IIIIIIIIIIIIIIIIIIIIIIIIIIIIIIIIIIIIIIIIIIIIIIIIIIIIIIIIIIIIIIIIIIIIIIIIIII	0	
ENSMUSG00000041147_151341223_minus_2250	-	chr5	151343473	GTATGAAATCTTCAGATAAAAAACAATTACCTTCAGATAAGATGGAACAAAATATAAAAGAGTTTAATATATCCT	IIIIIIIIIIIIIIIIIIIIIIIIIIIIIIIIIIIIIIIIIIIIIIIIIIIIIIIIIIIIIIIIIIIIIIIIIII	0	
ENSMUSG00000041147_151341223_plus_2325	+	chr5	151343548	TTCAGACTGCAAGTGGGAAAAATACCAGAGTCTCCAAAGAGTCATTAAATAAAAGTGTGAATATTTTTAATCGGG	IIIIIIIIIIIIIIIIIIIIIIIIIIIIIIIIIIIIIIIIIIIIIIIIIIIIIIIIIIIIIIIIIIIIIIIIIII	0	
ENSMUSG00000041147_151341223_minus_2325	-	chr5	151343548	TTCAGACTGCAAGTGGGAAAAATACCAGAGTCTCCAAAGAGTCATTAAATAAAAGTGTGAATATTTTTAATCGGG	IIIIIIIIIIIIIIIIIIIIIIIIIIIIIIIIIIIIIIIIIIIIIIIIIIIIIIIIIIIIIIIIIIIIIIIIIII	0	
ENSMUSG00000041147_151341223_plus_1650	+	chr5	151342873	TAGAAGACACTTGTAACAAAAATACATCTTGTTTTTTACCAAATATAAATGAAATGGAGTTTGGAGGATTTTGTT	IIIIIIIIIIIIIIIIIIIIIIIIIIIIIIIIIIIIIIIIIIIIIIIIIIIIIIIIIIIIIIIIIIIIIIIIIII	0	
ENSMUSG00000041147_151341223_plus_225	+	chr5	151341448	AAAATGACCAAAAAAGTCCAAAAGTTTCCAATGGAAAAGAAAAAGTCTTAGTTTCAGCATGTCTTCCTTCAGCAG	IIIIIIIIIIIIIIIIIIIIIIIIIIIIIIIIIIIIIIIIIIIIIIIIIIIIIIIIIIIIIIIIIIIIIIIIIII	0	
ENSMUSG00000041147_151341223_minus_2475	-	chr5	151343698	ATACTTCATGTCACAAGAAAGCAATCAGTATTAAAAAGGTATTTGAAGACCATTTCCCAATTGTAACTGTCAGTC	IIIIIIIIIIIIIIIIIIIIIIIIIIIIIIIIIIIIIIIIIIIIIIIIIIIIIIIIIIIIIIIIIIIIIIIIIII	0	
ENSMUSG00000041147_151341223_minus_2175	-	chr5	151343398	GAGAGGAAAACACACAAATTAAGGAAAATATATCAGATTTAACATGTTTGGAAATTATGAAAGCTGAGGAAACAT	IIIIIIIIIIIIIIIIIIIIIIIIIIIIIIIIIIIIIIIIIIIIIIIIIIIIIIIIIIIIIIIIIIIIIIIIIII	0	
ENSMUSG00000041147_151341223_minus_2400	-	chr5	151343623	AAACAGATGAATTGACTGTCATTTCAGATTCTTTGAATTCTAAAATTCTCCATGGCATAAATAAGGACAAAATGC	IIIIIIIIIIIIIIIIIIIIIIIIIIIIIIIIIIIIIIIIIIIIIIIIIIIIIIIIIIIIIIIIIIIIIIIIIII	0	
ENSMUSG00000041147_151341223_minus_2550	-	chr5	151343773	AATTACCAGCTCAGCAGCATCCTGAATATGAAATAGAAAGTACCAAAGAACCTACTCTGTTGAGTTTTCATACAG	IIIIIIIIIIIIIIIIIIIIIIIIIIIIIIIIIIIIIIIIIIIIIIIIIIIIIIIIIIIIIIIIIIIIIIIIIII	0	
ENSMUSG00000041147_151341223_plus_2625	+	chr5	151343848	CTAGTGGGAAAAAAGTCAAAATTATGCAGGAATCTTTGGACAAAGTGAAAAACCTTTTTGATGAGACACAATATG	IIIIIIIIIIIIIIIIIIIIIIIIIIIIIIIIIIIIIIIIIIIIIIIIIIIIIIIIIIIIIIIIIIIIIIIIIII	0	
ENSMUSG00000041147_151341223_plus_2400	+	chr5	151343623	AAACAGATGAATTGACTGTCATTTCAGATTCTTTGAATTCTAAAATTCTCCATGGCATAAATAAGGACAAAATGC	IIIIIIIIIIIIIIIIIIIIIIIIIIIIIIIIIIIIIIIIIIIIIIIIIIIIIIIIIIIIIIIIIIIIIIIIIII	0	
ENSMUSG00000041147_151341223_plus_2550	+	chr5	151343773	AATTACCAGCTCAGCAGCATCCTGAATATGAAATAGAAAGTACCAAAGAACCTACTCTGTTGAGTTTTCATACAG	IIIIIIIIIIIIIIIIIIIIIIIIIIIIIIIIIIIIIIIIIIIIIIIIIIIIIIIIIIIIIIIIIIIIIIIIIII	0	
ENSMUSG00000041147_151341223_minus_2100	-	chr5	151343323	ATATTCATAAAGGTGACAGTGATTTACCTGCCGATCAAGGCAGTAAGTGTCCTGAGTCATGTACCCAATATGCGA	IIIIIIIIIIIIIIIIIIIIIIIIIIIIIIIIIIIIIIIIIIIIIIIIIIIIIIIIIIIIIIIIIIIIIIIIIII	0	
ENSMUSG00000041147_151341223_minus_2775	-	chr5	151343998	AGAAAATTGAAGTAACTGCCTCAAAATGTGAAGAAATGCAGAACTTTGTCTCTAAGGAGACTGAAATGCTACCTC	IIIIIIIIIIIIIIIIIIIIIIIIIIIIIIIIIIIIIIIIIIIIIIIIIIIIIIIIIIIIIIIIIIIIIIIIIII	0	
ENSMUSG00000041147_151341223_plus_2775	+	chr5	151343998	AGAAAATTGAAGTAACTGCCTCAAAATGTGAAGAAATGCAGAACTTTGTCTCTAAGGAGACTGAAATGCTACCTC	IIIIIIIIIIIIIIIIIIIIIIIIIIIIIIIIIIIIIIIIIIIIIIIIIIIIIIIIIIIIIIIIIIIIIIIIIII	0	
ENSMUSG00000041147_151341223_plus_2850	+	chr5	151344073	AGCAAAATTATCATATGTATAGGCAAACTGAAAATCTCAAAACATCAAATGGTACCTCTTCCAAAGTACAAGAAA	IIIIIIIIIIIIIIIIIIIIIIIIIIIIIIIIIIIIIIIIIIIIIIIIIIIIIIIIIIIIIIIIIIIIIIIIIII	0	
ENSMUSG00000041147_151341223_plus_2475	+	chr5	151343698	ATACTTCATGTCACAAGAAAGCAATCAGTATTAAAAAGGTATTTGAAGACCATTTCCCAATTGTAACTGTCAGTC	IIIIIIIIIIIIIIIIIIIIIIIIIIIIIIIIIIIIIIIIIIIIIIIIIIIIIIIIIIIIIIIIIIIIIIIIIII	0	
ENSMUSG00000041147_151341223_minus_2850	-	chr5	151344073	AGCAAAATTATCATATGTATAGGCAAACTGAAAATCTCAAAACATCAAATGGTACCTCTTCCAAAGTACAAGAAA	IIIIIIIIIIIIIIIIIIIIIIIIIIIIIIIIIIIIIIIIIIIIIIIIIIIIIIIIIIIIIIIIIIIIIIIIIII	0	
ENSMUSG00000041147_151341223_plus_2925	+	chr5	151344148	ACATAGAAAATAATGTAGAAAAGAATCCTAGAATTTGCTGTATTTGTCAGTCCTCTTACCCAGTCACTGAAGATT	IIIIIIIIIIIIIIIIIIIIIIIIIIIIIIIIIIIIIIIIIIIIIIIIIIIIIIIIIIIIIIIIIIIIIIIIIII	0	
ENSMUSG00000041147_151341223_minus_2925	-	chr5	151344148	ACATAGAAAATAATGTAGAAAAGAATCCTAGAATTTGCTGTATTTGTCAGTCCTCTTACCCAGTCACTGAAGATT	IIIIIIIIIIIIIIIIIIIIIIIIIIIIIIIIIIIIIIIIIIIIIIIIIIIIIIIIIIIIIIIIIIIIIIIIIII	0	
ENSMUSG00000041147_151341223_plus_2700	+	chr5	151343923	TTAGGAAAACTGCCAGTTTTAGTCAAGGATCAAAACCCCTGAAGGACAGTAAAAAAGAACTTACATTAGCATATG	IIIIIIIIIIIIIIIIIIIIIIIIIIIIIIIIIIIIIIIIIIIIIIIIIIIIIIIIIIIIIIIIIIIIIIIIIII	0	
ENSMUSG00000041147_151341223_minus_2625	-	chr5	151343848	CTAGTGGGAAAAAAGTCAAAATTATGCAGGAATCTTTGGACAAAGTGAAAAACCTTTTTGATGAGACACAATATG	IIIIIIIIIIIIIIIIIIIIIIIIIIIIIIIIIIIIIIIIIIIIIIIIIIIIIIIIIIIIIIIIIIIIIIIIIII	0	
ENSMUSG00000041147_151341223_minus_3075	-	chr5	151344298	GGCTTAGAGAACAGGGTGATAAGCTTGGAACAAGAAATACTATCAAAATTGAGTGTGTAAAGGAACACACAGAAG	IIIIIIIIIIIIIIIIIIIIIIIIIIIIIIIIIIIIIIIIIIIIIIIIIIIIIIIIIIIIIIIIIIIIIIIIIII	0	
ENSMUSG00000041147_151341223_plus_3150	+	chr5	151344373	ATTTTGCAGGAAATGCCTCATATGAACATAGTTTGGTCATTATCAGAACTGAAATTGATACAAATCATGTCTCTG	IIIIIIIIIIIIIIIIIIIIIIIIIIIIIIIIIIIIIIIIIIIIIIIIIIIIIIIIIIIIIIIIIIIIIIIIIII	0	
ENSMUSG00000041147_151341223_plus_3000	+	chr5	151344223	CTGCTTTGGCATATTATACGGAGGACAGTAGGAAAACTTGTGTCAGAGAGTCTTCTCTATCCAAAGGCAGAAAAT	IIIIIIIIIIIIIIIIIIIIIIIIIIIIIIIIIIIIIIIIIIIIIIIIIIIIIIIIIIIIIIIIIIIIIIIIIII	0	
ENSMUSG00000041147_151341223_plus_3225	+	chr5	151344448	AAAACCAAGTGTCAACCCTCCTTAGTGACCCTAATGTGTGTCATAGCTATCTATCCCAGTCTAGTTTTTGTCATT	IIIIIIIIIIIIIIIIIIIIIIIIIIIIIIIIIIIIIIIIIIIIIIIIIIIIIIIIIIIIIIIIIIIIIIIIIII	0	
ENSMUSG00000041147_151341223_minus_3225	-	chr5	151344448	AAAACCAAGTGTCAACCCTCCTTAGTGACCCTAATGTGTGTCATAGCTATCTATCCCAGTCTAGTTTTTGTCATT	IIIIIIIIIIIIIIIIIIIIIIIIIIIIIIIIIIIIIIIIIIIIIIIIIIIIIIIIIIIIIIIIIIIIIIIIIII	0	
ENSMUSG00000041147_151341223_minus_3000	-	chr5	151344223	CTGCTTTGGCATATTATACGGAGGACAGTAGGAAAACTTGTGTCAGAGAGTCTTCTCTATCCAAAGGCAGAAAAT	IIIIIIIIIIIIIIIIIIIIIIIIIIIIIIIIIIIIIIIIIIIIIIIIIIIIIIIIIIIIIIIIIIIIIIIIIII	0	
ENSMUSG00000041147_151341223_minus_3150	-	chr5	151344373	ATTTTGCAGGAAATGCCTCATATGAACATAGTTTGGTCATTATCAGAACTGAAATTGATACAAATCATGTCTCTG	IIIIIIIIIIIIIIIIIIIIIIIIIIIIIIIIIIIIIIIIIIIIIIIIIIIIIIIIIIIIIIIIIIIIIIIIIII	0	
ENSMUSG00000041147_151341223_plus_3375	+	chr5	151344598	ATGCTGAAGGCAATACCATTTCCCCCAGAGTATCTGCTACAAAAGAAAGAAATCTACACCCACAAACTATAAATG	IIIIIIIIIIIIIIIIIIIIIIIIIIIIIIIIIIIIIIIIIIIIIIIIIIIIIIIIIIIIIIIIIIIIIIIIIII	0	
ENSMUSG00000041147_151341223_plus_3450	+	chr5	151344673	AATATTGTGTTCAGAAACTGGAGACTAATACTTCACCACATGCAAATAAAGATGTAGCCATTGACCCATCTCTGC	IIIIIIIIIIIIIIIIIIIIIIIIIIIIIIIIIIIIIIIIIIIIIIIIIIIIIIIIIIIIIIIIIIIIIIIIIII	0	
ENSMUSG00000041147_151341223_minus_3300	-	chr5	151344523	GTGATGACATGCATAATGATTCAGGATATTTCTTAAAAAATAAAATTGATTCTGACGTTCCGCCAGACATGAAGA	IIIIIIIIIIIIIIIIIIIIIIIIIIIIIIIIIIIIIIIIIIIIIIIIIIIIIIIIIIIIIIIIIIIIIIIIIII	0	
ENSMUSG00000041147_151341223_minus_3450	-	chr5	151344673	AATATTGTGTTCAGAAACTGGAGACTAATACTTCACCACATGCAAATAAAGATGTAGCCATTGACCCATCTCTGC	IIIIIIIIIIIIIIIIIIIIIIIIIIIIIIIIIIIIIIIIIIIIIIIIIIIIIIIIIIIIIIIIIIIIIIIIIII	0	
ENSMUSG00000041147_151341223_plus_3525	+	chr5	151344748	TGGATTCAAGGAATTGTAAGGTAGGCTCACTCGTGTTTATTACAGCTCATTCACAAGAAACTGAAAGAACAAAAG	IIIIIIIIIIIIIIIIIIIIIIIIIIIIIIIIIIIIIIIIIIIIIIIIIIIIIIIIIIIIIIIIIIIIIIIIIII	0	
ENSMUSG00000041147_151341223_minus_3525	-	chr5	151344748	TGGATTCAAGGAATTGTAAGGTAGGCTCACTCGTGTTTATTACAGCTCATTCACAAGAAACTGAAAGAACAAAAG	IIIIIIIIIIIIIIIIIIIIIIIIIIIIIIIIIIIIIIIIIIIIIIIIIIIIIIIIIIIIIIIIIIIIIIIIIII	0	
ENSMUSG00000041147_151341223_plus_3600	+	chr5	151344823	AGATAGTCACAGATAACTGTTATAAAATAGTTGAGCAAAACAGACAGAGTAAACCAGACACTTGCCAGACAAGCT	IIIIIIIIIIIIIIIIIIIIIIIIIIIIIIIIIIIIIIIIIIIIIIIIIIIIIIIIIIIIIIIIIIIIIIIIIII	0	
ENSMUSG00000041147_151341223_minus_3600	-	chr5	151344823	AGATAGTCACAGATAACTGTTATAAAATAGTTGAGCAAAACAGACAGAGTAAACCAGACACTTGCCAGACAAGCT	IIIIIIIIIIIIIIIIIIIIIIIIIIIIIIIIIIIIIIIIIIIIIIIIIIIIIIIIIIIIIIIIIIIIIIIIIII	0	
ENSMUSG00000041147_151341223_plus_3075	+	chr5	151344298	GGCTTAGAGAACAGGGTGATAAGCTTGGAACAAGAAATACTATCAAAATTGAGTGTGTAAAGGAACACACAGAAG	IIIIIIIIIIIIIIIIIIIIIIIIIIIIIIIIIIIIIIIIIIIIIIIIIIIIIIIIIIIIIIIIIIIIIIIIIII	0	
ENSMUSG00000041147_151341223_minus_3675	-	chr5	151344898	GTCATAAAGTATTGGATGATTCAAAGGATTTTATATGTCCTAGCTCTTCAGGTGATGTCTGCATAAACTCACGTA	IIIIIIIIIIIIIIIIIIIIIIIIIIIIIIIIIIIIIIIIIIIIIIIIIIIIIIIIIIIIIIIIIIIIIIIIIII	0	
ENSMUSG00000041147_151341223_minus_3750	-	chr5	151344973	AGGATAGTTTTTGTCCTCATAATGAACAAATTTTACAACATAACCAAAGTATGTCTGGACTGAAGAAAGCTGCAA	IIIIIIIIIIIIIIIIIIIIIIIIIIIIIIIIIIIIIIIIIIIIIIIIIIIIIIIIIIIIIIIIIIIIIIIIIII	0	
ENSMUSG00000041147_151341223_plus_3300	+	chr5	151344523	GTGATGACATGCATAATGATTCAGGATATTTCTTAAAAAATAAAATTGATTCTGACGTTCCGCCAGACATGAAGA	IIIIIIIIIIIIIIIIIIIIIIIIIIIIIIIIIIIIIIIIIIIIIIIIIIIIIIIIIIIIIIIIIIIIIIIIIII	0	
ENSMUSG00000041147_151341223_plus_3675	+	chr5	151344898	GTCATAAAGTATTGGATGATTCAAAGGATTTTATATGTCCTAGCTCTTCAGGTGATGTCTGCATAAACTCACGTA	IIIIIIIIIIIIIIIIIIIIIIIIIIIIIIIIIIIIIIIIIIIIIIIIIIIIIIIIIIIIIIIIIIIIIIIIIII	0	
ENSMUSG00000041147_151341223_minus_3825	-	chr5	151345048	CACCACCTGTTGGTTTGGAAACTTGGGATACAAGTAAATCTATAAGAGAACCTCCCCAGGCAGCCCATCCTTCAC	IIIIIIIIIIIIIIIIIIIIIIIIIIIIIIIIIIIIIIIIIIIIIIIIIIIIIIIIIIIIIIIIIIIIIIIIIII	0	
ENSMUSG00000041147_151341223_plus_3900	+	chr5	151345123	GCACTTATGGGATTTTTAGCACAGCAAGTGGAAAAGCTATACAAGTATCAGATGCTTCATTAGAAAAGGCAAGGC	IIIIIIIIIIIIIIIIIIIIIIIIIIIIIIIIIIIIIIIIIIIIIIIIIIIIIIIIIIIIIIIIIIIIIIIIIII	0	
ENSMUSG00000041147_151341223_minus_3900	-	chr5	151345123	GCACTTATGGGATTTTTAGCACAGCAAGTGGAAAAGCTATACAAGTATCAGATGCTTCATTAGAAAAGGCAAGGC	IIIIIIIIIIIIIIIIIIIIIIIIIIIIIIIIIIIIIIIIIIIIIIIIIIIIIIIIIIIIIIIIIIIIIIIIIII	0	
ENSMUSG00000041147_151341223_plus_3975	+	chr5	151345198	AAGTGTTTTCTGAGATGGATGGTGATGCTAAACAGTTATCTTCCATGGTGTCACTGGAAGGTAATGAAAAACCAC	IIIIIIIIIIIIIIIIIIIIIIIIIIIIIIIIIIIIIIIIIIIIIIIIIIIIIIIIIIIIIIIIIIIIIIIIIII	0	
ENSMUSG00000041147_151341223_minus_3975	-	chr5	151345198	AAGTGTTTTCTGAGATGGATGGTGATGCTAAACAGTTATCTTCCATGGTGTCACTGGAAGGTAATGAAAAACCAC	IIIIIIIIIIIIIIIIIIIIIIIIIIIIIIIIIIIIIIIIIIIIIIIIIIIIIIIIIIIIIIIIIIIIIIIIIII	0	
ENSMUSG00000041147_151341223_plus_4050	+	chr5	151345273	ATCACTCTGTGAAAAGAGAAAACTCTGTGGTGCATAGCACCCAGGGTGTATTGTCACTCCCAAAACCCCTCCCAG	IIIIIIIIIIIIIIIIIIIIIIIIIIIIIIIIIIIIIIIIIIIIIIIIIIIIIIIIIIIIIIIIIIIIIIIIIII	0	
ENSMUSG00000041147_151341223_minus_4050	-	chr5	151345273	ATCACTCTGTGAAAAGAGAAAACTCTGTGGTGCATAGCACCCAGGGTGTATTGTCACTCCCAAAACCCCTCCCAG	IIIIIIIIIIIIIIIIIIIIIIIIIIIIIIIIIIIIIIIIIIIIIIIIIIIIIIIIIIIIIIIIIIIIIIIIIII	0	
ENSMUSG00000041147_151341223_plus_4125	+	chr5	151345348	GCAATGTCAATTCATCTGTATTCTCTGGATTTAGCACTGCAGGTGGAAAACTGGTCACAGTTTCAGAAAGTGCCT	IIIIIIIIIIIIIIIIIIIIIIIIIIIIIIIIIIIIIIIIIIIIIIIIIIIIIIIIIIIIIIIIIIIIIIIIIII	0	
ENSMUSG00000041147_151341223_minus_4125	-	chr5	151345348	GCAATGTCAATTCATCTGTATTCTCTGGATTTAGCACTGCAGGTGGAAAACTGGTCACAGTTTCAGAAAGTGCCT	IIIIIIIIIIIIIIIIIIIIIIIIIIIIIIIIIIIIIIIIIIIIIIIIIIIIIIIIIIIIIIIIIIIIIIIIIII	0	
ENSMUSG00000041147_151341223_minus_4200	-	chr5	151345423	TACACAAAGTTAAAGGAATGTTAGAGGAGTTTGATTTGATCAGAACTGAACATACTCTCCAGCATTCACCTATAC	IIIIIIIIIIIIIIIIIIIIIIIIIIIIIIIIIIIIIIIIIIIIIIIIIIIIIIIIIIIIIIIIIIIIIIIIIII	0	
ENSMUSG00000041147_151341223_plus_4200	+	chr5	151345423	TACACAAAGTTAAAGGAATGTTAGAGGAGTTTGATTTGATCAGAACTGAACATACTCTCCAGCATTCACCTATAC	IIIIIIIIIIIIIIIIIIIIIIIIIIIIIIIIIIIIIIIIIIIIIIIIIIIIIIIIIIIIIIIIIIIIIIIIIII	0	
ENSMUSG00000041147_151341223_plus_4275	+	chr5	151345498	CTGAAGACGTATCAAAAATACTTCCTCAACCTTGTGCTGAAATCAGAACCCCAGAATACCCTGTAAACTCAAAAT	IIIIIIIIIIIIIIIIIIIIIIIIIIIIIIIIIIIIIIIIIIIIIIIIIIIIIIIIIIIIIIIIIIIIIIIIIII	0	
ENSMUSG00000041147_151341223_minus_4275	-	chr5	151345498	CTGAAGACGTATCAAAAATACTTCCTCAACCTTGTGCTGAAATCAGAACCCCAGAATACCCTGTAAACTCAAAAT	IIIIIIIIIIIIIIIIIIIIIIIIIIIIIIIIIIIIIIIIIIIIIIIIIIIIIIIIIIIIIIIIIIIIIIIIIII	0	
ENSMUSG00000041147_151341223_minus_3375	-	chr5	151344598	ATGCTGAAGGCAATACCATTTCCCCCAGAGTATCTGCTACAAAAGAAAGAAATCTACACCCACAAACTATAAATG	IIIIIIIIIIIIIIIIIIIIIIIIIIIIIIIIIIIIIIIIIIIIIIIIIIIIIIIIIIIIIIIIIIIIIIIIIII	0	
ENSMUSG00000041147_151341223_minus_4350	-	chr5	151345573	TGCAGAAAACCTACAATGATAAATCCAGCTTACCAAGTAATTATAAAGAAAGTGGTTCTTCGGGCAATACTCAAT	IIIIIIIIIIIIIIIIIIIIIIIIIIIIIIIIIIIIIIIIIIIIIIIIIIIIIIIIIIIIIIIIIIIIIIIIIII	0	
ENSMUSG00000041147_151341223_plus_3750	+	chr5	151344973	AGGATAGTTTTTGTCCTCATAATGAACAAATTTTACAACATAACCAAAGTATGTCTGGACTGAAGAAAGCTGCAA	IIIIIIIIIIIIIIIIIIIIIIIIIIIIIIIIIIIIIIIIIIIIIIIIIIIIIIIIIIIIIIIIIIIIIIIIIII	0	
ENSMUSG00000041147_151341223_plus_4425	+	chr5	151345648	CTATTGAAGTTTCTCTCCAACTCTCTCAGATGGAGAGAAACCAAGACACACAGTTGGTATTAGGAACAAAAGTAT	IIIIIIIIIIIIIIIIIIIIIIIIIIIIIIIIIIIIIIIIIIIIIIIIIIIIIIIIIIIIIIIIIIIIIIIIIII	0	
ENSMUSG00000041147_151341223_plus_4500	+	chr5	151345723	CCCATAGTAAGGCTAATCTTTTGGGAAAAGAACAAACTTTACCCCAAAACATAAAAGTAAAAACTGATGAAATGA	IIIIIIIIIIIIIIIIIIIIIIIIIIIIIIIIIIIIIIIIIIIIIIIIIIIIIIIIIIIIIIIIIIIIIIIIIII	0	
ENSMUSG00000041147_151341223_plus_4575	+	chr5	151345798	AAACATTTTCTGATGTTCCTGTGAAAACAAATGTAGGAGAGTATTACTCCAAAGAGTCAGAGAACTATTTTGAAA	IIIIIIIIIIIIIIIIIIIIIIIIIIIIIIIIIIIIIIIIIIIIIIIIIIIIIIIIIIIIIIIIIIIIIIIIIII	0	
ENSMUSG00000041147_151341223_minus_2700	-	chr5	151343923	TTAGGAAAACTGCCAGTTTTAGTCAAGGATCAAAACCCCTGAAGGACAGTAAAAAAGAACTTACATTAGCATATG	IIIIIIIIIIIIIIIIIIIIIIIIIIIIIIIIIIIIIIIIIIIIIIIIIIIIIIIIIIIIIIIIIIIIIIIIIII	0	
ENSMUSG00000041147_151341223_minus_4500	-	chr5	151345723	CCCATAGTAAGGCTAATCTTTTGGGAAAAGAACAAACTTTACCCCAAAACATAAAAGTAAAAACTGATGAAATGA	IIIIIIIIIIIIIIIIIIIIIIIIIIIIIIIIIIIIIIIIIIIIIIIIIIIIIIIIIIIIIIIIIIIIIIIIIII	0	
ENSMUSG00000041147_151341223_plus_4650	+	chr5	151345873	CAGAAGCAGTGGAGAGTGCCAAAGCTTTTATGGAAGATGATGAGCTGACAGATTCTGAACAGACTCATGCCAAAT	IIIIIIIIIIIIIIIIIIIIIIIIIIIIIIIIIIIIIIIIIIIIIIIIIIIIIIIIIIIIIIIIIIIIIIIIIII	0	
ENSMUSG00000041147_151341223_plus_4350	+	chr5	151345573	TGCAGAAAACCTACAATGATAAATCCAGCTTACCAAGTAATTATAAAGAAAGTGGTTCTTCGGGCAATACTCAAT	IIIIIIIIIIIIIIIIIIIIIIIIIIIIIIIIIIIIIIIIIIIIIIIIIIIIIIIIIIIIIIIIIIIIIIIIIII	0	
ENSMUSG00000041147_151341223_plus_4725	+	chr5	151345948	GCTCACTGTTTACATGCCCCCAAAATGAGACTTTGTTTAATTCGAGAACTAGGAAAAGAGGAGGAGTGACTGTTG	IIIIIIIIIIIIIIIIIIIIIIIIIIIIIIIIIIIIIIIIIIIIIIIIIIIIIIIIIIIIIIIIIIIIIIIIIII	0	
ENSMUSG00000041147_151341223_minus_4650	-	chr5	151345873	CAGAAGCAGTGGAGAGTGCCAAAGCTTTTATGGAAGATGATGAGCTGACAGATTCTGAACAGACTCATGCCAAAT	IIIIIIIIIIIIIIIIIIIIIIIIIIIIIIIIIIIIIIIIIIIIIIIIIIIIIIIIIIIIIIIIIIIIIIIIIII	0	
ENSMUSG00000041147_151341223_minus_4725	-	chr5	151345948	GCTCACTGTTTACATGCCCCCAAAATGAGACTTTGTTTAATTCGAGAACTAGGAAAAGAGGAGGAGTGACTGTTG	IIIIIIIIIIIIIIIIIIIIIIIIIIIIIIIIIIIIIIIIIIIIIIIIIIIIIIIIIIIIIIIIIIIIIIIIIII	0	
ENSMUSG00000041147_151341223_plus_3825	+	chr5	151345048	CACCACCTGTTGGTTTGGAAACTTGGGATACAAGTAAATCTATAAGAGAACCTCCCCAGGCAGCCCATCCTTCAC	IIIIIIIIIIIIIIIIIIIIIIIIIIIIIIIIIIIIIIIIIIIIIIIIIIIIIIIIIIIIIIIIIIIIIIIIIII	0	
ENSMUSG00000041147_151341223_minus_4425	-	chr5	151345648	CTATTGAAGTTTCTCTCCAACTCTCTCAGATGGAGAGAAACCAAGACACACAGTTGGTATTAGGAACAAAAGTAT	IIIIIIIIIIIIIIIIIIIIIIIIIIIIIIIIIIIIIIIIIIIIIIIIIIIIIIIIIIIIIIIIIIIIIIIIIII	0	
ENSMUSG00000041147_151341223_minus_4575	-	chr5	151345798	AAACATTTTCTGATGTTCCTGTGAAAACAAATGTAGGAGAGTATTACTCCAAAGAGTCAGAGAACTATTTTGAAA	IIIIIIIIIIIIIIIIIIIIIIIIIIIIIIIIIIIIIIIIIIIIIIIIIIIIIIIIIIIIIIIIIIIIIIIIIII	0	
